// Vitest Snapshot v1

exports[`renders for album 1`] = `<article data-v-a14c1d10="" class="cover tw-relative tw-w-full tw-aspect-square tw-bg-no-repeat tw-bg-cover tw-bg-center tw-overflow-hidden tw-rounded-md after:tw-block after:tw-pt-[100%]" style="background-image: url(undefined/resources/assets/img/covers/default.svg);" data-testid="album-artist-thumbnail"><img data-v-a14c1d10="" alt="IV" src="https://test/album.jpg" class="tw-w-full tw-h-full tw-object-cover tw-absolute tw-left-0 tw-top-0 tw-pointer-events-none before:tw-absolute before:tw-w-full before:tw-h-full before:tw-opacity-0 before:tw-z-[1] before-tw-top-0" loading="lazy"><a data-v-a14c1d10="" class="control control-play tw-h-full tw-w-full tw-absolute tw-flex tw-justify-center tw-items-center" role="button"><span data-v-a14c1d10="" class="tw-hidden">Play all songs in the album IV</span><span data-v-a14c1d10="" class="icon tw-opacity-0 tw-w-1/2 tw-h-1/2 tw-flex tw-justify-center tw-items-center tw-pointer-events-none tw-pl-[4%] tw-rounded-full after:tw-w-full after:tw-h-full"></span></a></article>`;

exports[`renders for artist 1`] = `<article data-v-a14c1d10="" class="cover tw-relative tw-w-full tw-aspect-square tw-bg-no-repeat tw-bg-cover tw-bg-center tw-overflow-hidden tw-rounded-md after:tw-block after:tw-pt-[100%]" style="background-image: url(undefined/resources/assets/img/covers/default.svg);" data-testid="album-artist-thumbnail"><img data-v-a14c1d10="" alt="Led Zeppelin" src="https://test/blimp.jpg" class="tw-w-full tw-h-full tw-object-cover tw-absolute tw-left-0 tw-top-0 tw-pointer-events-none before:tw-absolute before:tw-w-full before:tw-h-full before:tw-opacity-0 before:tw-z-[1] before-tw-top-0" loading="lazy"><a data-v-a14c1d10="" class="control control-play tw-h-full tw-w-full tw-absolute tw-flex tw-justify-center tw-items-center" role="button"><span data-v-a14c1d10="" class="tw-hidden">Play all songs by Led Zeppelin</span><span data-v-a14c1d10="" class="icon tw-opacity-0 tw-w-1/2 tw-h-1/2 tw-flex tw-justify-center tw-items-center tw-pointer-events-none tw-pl-[4%] tw-rounded-full after:tw-w-full after:tw-h-full"></span></a></article>`;
