// Vitest Snapshot v1

exports[`renders 1`] = `<button data-v-e368fe26="" class="inset-when-pressed">Click Me Nao</button>`;
