// Vitest Snapshot v1

exports[`renders 1`] = `<div data-v-c7c7e2e2="" class="canceled upload-item tw-relative tw-rounded tw-min-h-[32px] tw-overflow-hidden" title=""><span data-v-c7c7e2e2="" style="width: 42%;" class="progress tw-absolute tw-h-full tw-top-0 tw-left-0 tw-z-0 tw-duration-200 tw-ease-out"></span><span data-v-c7c7e2e2="" class="details tw-z-10 tw-absolute tw-h-full tw-w-full tw-flex tw-items-center tw-content-between"><span data-v-c7c7e2e2="" class="name tw-px-4 tw-flex-1">Sample Track</span><span data-v-c7c7e2e2="" class="tw-flex tw-items-center"><!--v-if--><button data-v-8943c846="" data-v-c7c7e2e2="" class="inset-when-pressed tw-text-base tw-px-4 tw-py-2 tw-rounded tw-cursor-pointer !tw-px-3" icon-only="" title="Retry" transparent="" unrounded=""><br data-v-c7c7e2e2="" data-testid="Icon" icon="[object Object]"></button><button data-v-8943c846="" data-v-c7c7e2e2="" class="inset-when-pressed tw-text-base tw-px-4 tw-py-2 tw-rounded tw-cursor-pointer !tw-px-3" icon-only="" title="Remove" transparent="" unrounded=""><br data-v-c7c7e2e2="" data-testid="Icon" icon="[object Object]"></button></span></span></div>`;
