// Vitest Snapshot v1

exports[`renders 1`] = `<button data-v-8943c846="" class="inset-when-pressed tw-text-base tw-px-4 tw-py-2 tw-rounded tw-cursor-pointer">Click Me Nao</button>`;
