// Vitest Snapshot v1

exports[`renders 1`] = `<li data-v-7589e0e3="" class="tw-relative before:-tw-right-6 before:tw-top-1/4 before:tw-w-[4px] before:tw-h-1/2 before:tw-absolute before:tw-rounded-full"><a data-v-7589e0e3="" href="#/youtube" class="tw-flex tw-items-center tw-overflow-x-hidden tw-gap-3 tw-h-11 tw-relative active:tw-pt-0.5 active:tw-pr-0 active:tw-pb-0 active:tw-pl-0.5"><span data-v-7589e0e3="" class="tw-opacity-70"><br data-testid="Icon" icon="[object Object]" fixed-width=""></span><span data-v-7589e0e3="" class="tw-overflow-hidden tw-text-ellipsis tw-whitespace-nowrap"> A Random Video</span></a></li>`;
