// Vitest Snapshot v1

exports[`renders with a current song 1`] = `
<div data-v-2e8b419d="" class="playback-controls tw-flex tw-flex-1 tw-flex-col tw-place-content-center tw-place-items-center">
  <div data-v-2e8b419d="" class="tw-text-2xl tw-flex tw-items-center tw-justify-center tw-gap-5 md:tw-gap-12"><button data-v-2e8b419d="" class="tw-transition-[color] tw-duration-200 tw-ease-in-out tw-text-[var(--color-text-secondary)] hover:tw-text-[var(--color-text-primary)] tw-text-base" type="button" title="Unlike Fahrstuhl to Heaven by Led Zeppelin"><br data-testid="Icon" icon="[object Object]"></button><!-- a placeholder to maintain the asymmetric layout --><button data-v-2e8b419d="" class="tw-transition-[color] tw-duration-200 tw-ease-in-out tw-text-[var(--color-text-secondary)] hover:tw-text-[var(--color-text-primary)]" type="button" title="Play previous song"><br data-v-2e8b419d="" data-testid="Icon" icon="[object Object]"></button><br data-v-2e8b419d="" data-testid="PlayButton"><button data-v-2e8b419d="" class="tw-transition-[color] tw-duration-200 tw-ease-in-out tw-text-[var(--color-text-secondary)] hover:tw-text-[var(--color-text-primary)]" type="button" title="Play next song"><br data-v-2e8b419d="" data-testid="Icon" icon="[object Object]"></button><button data-v-cab48a7c="" data-v-2e8b419d="" class="tw-opacity-30 tw-text-base" title="Change repeat mode (current: No Repeat)" data-testid="repeat-mode-switch" type="button"><svg data-v-cab48a7c="" xmlns="http://www.w3.org/2000/svg" width="16" height="16" viewBox="0 0 24 24" fill="none" stroke="currentColor" stroke-width="2" stroke-linecap="round" stroke-linejoin="round" size="16" class="lucide lucide-repeat-icon">
        <path d="m17 2 4 4-4 4"></path>
        <path d="M3 11v-1a4 4 0 0 1 4-4h14"></path>
        <path d="m7 22-4-4 4-4"></path>
        <path d="M21 13v1a4 4 0 0 1-4 4H3"></path>
      </svg></button></div>
</div>
`;

exports[`renders without a current song 1`] = `
<div data-v-2e8b419d="" class="playback-controls tw-flex tw-flex-1 tw-flex-col tw-place-content-center tw-place-items-center">
  <div data-v-2e8b419d="" class="tw-text-2xl tw-flex tw-items-center tw-justify-center tw-gap-5 md:tw-gap-12"><button data-v-2e8b419d="" type="button"></button><!-- a placeholder to maintain the asymmetric layout --><button data-v-2e8b419d="" class="tw-transition-[color] tw-duration-200 tw-ease-in-out tw-text-[var(--color-text-secondary)] hover:tw-text-[var(--color-text-primary)]" type="button" title="Play previous song"><br data-v-2e8b419d="" data-testid="Icon" icon="[object Object]"></button><br data-v-2e8b419d="" data-testid="PlayButton"><button data-v-2e8b419d="" class="tw-transition-[color] tw-duration-200 tw-ease-in-out tw-text-[var(--color-text-secondary)] hover:tw-text-[var(--color-text-primary)]" type="button" title="Play next song"><br data-v-2e8b419d="" data-testid="Icon" icon="[object Object]"></button><button data-v-cab48a7c="" data-v-2e8b419d="" class="tw-opacity-30 tw-text-base" title="Change repeat mode (current: No Repeat)" data-testid="repeat-mode-switch" type="button"><svg data-v-cab48a7c="" xmlns="http://www.w3.org/2000/svg" width="16" height="16" viewBox="0 0 24 24" fill="none" stroke="currentColor" stroke-width="2" stroke-linecap="round" stroke-linejoin="round" size="16" class="lucide lucide-repeat-icon">
        <path d="m17 2 4 4-4 4"></path>
        <path d="M3 11v-1a4 4 0 0 1 4-4h14"></path>
        <path d="m7 22-4-4 4-4"></path>
        <path d="M21 13v1a4 4 0 0 1-4 4H3"></path>
      </svg></button></div>
</div>
`;
