// Vitest Snapshot v1

exports[`renders 1`] = `
<div data-v-42061e3e="" class="add-to tw-w-full tw-max-w-64 tw-min-w-48 tw-p-3 tw-space-y-3" data-testid="add-to-menu" tabindex="0" showing="true">
  <section data-v-42061e3e="" class="existing-playlists">
    <p data-v-42061e3e="" class="tw-mb-2 tw-text-[0.9rem]">Add 5 songs to</p>
    <ul data-v-42061e3e="" class="tw-relative tw-max-h-48 tw-overflow-y-scroll tw-space-y-1.5">
      <li data-v-42061e3e="" data-testid="queue" tabindex="0">Queue</li>
      <li data-v-42061e3e="" class="favorites" data-testid="add-to-favorites" tabindex="0"> Favorites </li>
      <li data-v-42061e3e="" class="playlist" data-testid="add-to-playlist" tabindex="0">Foo</li>
      <li data-v-42061e3e="" class="playlist" data-testid="add-to-playlist" tabindex="0">Bar</li>
      <li data-v-42061e3e="" class="playlist" data-testid="add-to-playlist" tabindex="0">Baz</li>
    </ul>
  </section><button data-v-8943c846="" data-v-42061e3e="" class="inset-when-pressed tw-text-base tw-px-4 tw-py-2 tw-rounded tw-cursor-pointer !tw-w-full !tw-border !tw-border-solid !tw-border-white/20" transparent=""> New Playlistâ€¦ </button>
</div>
`;
