// Vitest Snapshot v1

exports[`renders 1`] = `
<article data-v-9a89d9b9="" class="playing song-item text-k-text-secondary border-b border-k-border !max-w-full h-[64px] flex items-center transition-[background-color,_box-shadow] ease-in-out duration-200 focus:rounded-md focus focus-within:rounded-md focus:ring-inset focus:ring-1 focus:!ring-k-accent focus-within:ring-inset focus-within:ring-1 focus-within:!ring-k-accent hover:bg-white/5 hover:ring-inset hover:ring-1 hover:ring-white/10 hover:rounded-md" data-testid="song-item" tabindex="0"><span data-v-9a89d9b9="" class="track-number"><i data-v-47e95701="" data-v-9a89d9b9="" class="relative flex gap-1 content-between w-[13px] aspect-square"><span data-v-47e95701=""></span><span data-v-47e95701=""></span><span data-v-47e95701=""></span></i></span><span data-v-9a89d9b9="" class="thumbnail"><div data-v-9a89d9b9="" style="background-image: url(undefined/resources/assets/img/covers/default.svg);" class="song-thumbnail group w-[48px] min-w-[48px] aspect-square bg-cover relative rounded overflow-hidden flex items-center justify-center before:absolute before:w-full before:h-full before:pointer-events-none before:z-[1] before:left-0 before:top-0 before:bg-black before:opacity-0 hover:before:opacity-70"><img alt="Test Album" src="https://example.com/cover.jpg" class="w-full h-full object-cover absolute left-0 top-0 pointer-events-none" loading="lazy"><a title="Pause" class="w-7 h-7 text-base z-[1] text-k-text-primary duration-300 justify-center items-center rounded-full bg-black/50 pl-0.5 flex opacity-0 group-hover:opacity-100" role="button"><br data-testid="Icon" icon="[object Object]" class="text-k-highlight"></a></div></span><span data-v-9a89d9b9="" class="title-artist flex flex-col gap-2 overflow-hidden"><span data-v-9a89d9b9="" class="title text-k-text-primary !flex gap-2 items-center"><!--v-if--> Test Song</span><span data-v-9a89d9b9="" class="artist">Test Artist</span></span><span data-v-9a89d9b9="" class="album">Test Album</span>
  <!--v-if--><span data-v-9a89d9b9="" class="time">16:40</span><span data-v-9a89d9b9="" class="extra"><button data-v-9a89d9b9="" class="transition-[color] duration-200 ease-in-out text-k-text-secondary hover:text-k-text-primary" type="button" title="Unlike Test Song by Test Artist"><br data-testid="Icon" icon="[object Object]"></button></span>
</article>
`;
